// Jest Snapshot v1, https://goo.gl/fbAQLP

exports[`Comprehend Lambda test 1`] = `
Object {
  "Resources": Object {
    "AccessControlLambdaComprehendPiiAccessControlS3ObjectLambda22CE3759": Object {
      "Properties": Object {
        "Location": Object {
          "ApplicationId": "arn:aws:serverlessrepo:us-east-1:839782855223:applications/ComprehendPiiAccessControlS3ObjectLambda",
          "SemanticVersion": "1.0.2",
        },
        "Parameters": Object {
          "ConfidenceThreshold": "0.5",
          "ContainsPiiEntitiesThreadCount": "20",
          "DefaultLanguageCode": "en",
          "DocumentMaxSize": "102400",
          "DocumentMaxSizeContainsPiiEntities": "50000",
          "IsPartialObjectSupported": "false",
          "LogLevel": "INFO",
          "MaxCharsOverlap": "200",
          "PiiEntityTypes": "ALL",
          "PublishCloudWatchMetrics": "true",
          "SubsegmentOverlappingTokens": "20",
          "UnsupportedFileHandling": "FAIL",
        },
      },
      "Type": "AWS::Serverless::Application",
    },
  },
  "Transform": "AWS::Serverless-2016-10-31",
}
`;
